// Jest Snapshot v1, https://goo.gl/fbAQLP

exports[`Test FormCheckbox component render 1`] = `
Object {
  "asFragment": [Function],
  "baseElement": <body>
    <div>
      <div
        class="sc-bdfBwQ kzXhdH"
      >
        <div
          class="sc-gsTCUz fpuYvH"
        >
          <div
            class="sc-dlfnbm cxRrbB"
          >
            <div
              class="sc-hKgILt iPKFzq"
            >
              <p
                class="sc-bqyKva XcEKM"
              >
                Título
              </p>
            </div>
            <div
              class="sc-jSgupP cXdENn"
            >
              <p
                class="sc-kstrdz hEmAAc"
              >
                Este é um exemplo de descrição
              </p>
            </div>
            <div
              class="sc-jSgupP cXdENn"
            >
              <p
                class="sc-hBEYos jvBAUO"
              >
                Este é um erro
              </p>
            </div>
          </div>
          <div
            class="sc-eCssSg dTvEss"
          >
            <svg
              height="20px"
              viewBox="0 0 24 24"
              width="20px"
              xmlns="http://www.w3.org/2000/svg"
            >
              <path
                d="M0 0h24v24H0z"
                fill="none"
              />
              <path
                d="M12 2C6.48 2 2 6.48 2 12s4.48 10 10 10 10-4.48 10-10S17.52 2 12 2zm1 17h-2v-2h2v2zm2.07-7.75l-.9.92C13.45 12.9 13 13.5 13 15h-2v-.5c0-1.1.45-2.1 1.17-2.83l1.24-1.26c.37-.36.59-.86.59-1.41 0-1.1-.9-2-2-2s-2 .9-2 2H8c0-2.21 1.79-4 4-4s4 1.79 4 4c0 .88-.36 1.68-.93 2.25z"
                fill="#212529"
              />
            </svg>
          </div>
        </div>
        <div
          class="sc-gKsewC ehdtkM"
        >
          <div
            class="sc-gKsewC ehdtkM"
          >
            <div
              class="sc-iBPRYJ joNmFh"
            >
              <input
                class="sc-fubCfw ktfAJq"
                id="1"
                type="checkbox"
                value="leonardo"
              />
              <label
                class="sc-jrAGrp dkvcnq"
                for="1"
              >
                <div
                  class="sc-pFZIQ bIGLcn"
                >
                  <svg
                    height="20px"
                    viewBox="0 0 24 24"
                    width="20px"
                    xmlns="http://www.w3.org/2000/svg"
                  >
                    <path
                      d="M0 0h24v24H0V0z"
                      fill="none"
                    />
                    <path
                      d="M19 5v14H5V5h14m0-2H5c-1.1 0-2 .9-2 2v14c0 1.1.9 2 2 2h14c1.1 0 2-.9 2-2V5c0-1.1-.9-2-2-2z"
                      fill="#B8B5C6"
                    />
                  </svg>
                </div>
                <p
                  class="sc-fodVxV irimQf"
                >
                  Opção 1
                </p>
              </label>
            </div>
            <div
              class="sc-iBPRYJ joNmFh"
            >
              <input
                class="sc-fubCfw ktfAJq"
                id="2"
                type="checkbox"
                value="renata"
              />
              <label
                class="sc-jrAGrp dkvcnq"
                for="2"
              >
                <div
                  class="sc-pFZIQ bIGLcn"
                >
                  <svg
                    height="20px"
                    viewBox="0 0 24 24"
                    width="20px"
                    xmlns="http://www.w3.org/2000/svg"
                  >
                    <path
                      d="M0 0h24v24H0V0z"
                      fill="none"
                    />
                    <path
                      d="M19 5v14H5V5h14m0-2H5c-1.1 0-2 .9-2 2v14c0 1.1.9 2 2 2h14c1.1 0 2-.9 2-2V5c0-1.1-.9-2-2-2z"
                      fill="#B8B5C6"
                    />
                  </svg>
                </div>
                <p
                  class="sc-fFubgz kfMqys"
                >
                  Opção 2
                </p>
              </label>
            </div>
            <div
              class="sc-iBPRYJ joNmFh"
            >
              <input
                class="sc-fubCfw ktfAJq"
                id="3"
                type="checkbox"
                value="robson"
              />
              <label
                class="sc-jrAGrp dkvcnq"
                for="3"
              >
                <div
                  class="sc-pFZIQ bIGLcn"
                >
                  <svg
                    height="20px"
                    viewBox="0 0 24 24"
                    width="20px"
                    xmlns="http://www.w3.org/2000/svg"
                  >
                    <path
                      d="M0 0h24v24H0V0z"
                      fill="none"
                    />
                    <path
                      d="M19 5v14H5V5h14m0-2H5c-1.1 0-2 .9-2 2v14c0 1.1.9 2 2 2h14c1.1 0 2-.9 2-2V5c0-1.1-.9-2-2-2z"
                      fill="#B8B5C6"
                    />
                  </svg>
                </div>
                <p
                  class="sc-bkzZxe mhzVq"
                >
                  Opção 3
                </p>
              </label>
            </div>
            <div
              class="sc-iBPRYJ joNmFh"
            >
              <input
                class="sc-fubCfw ktfAJq"
                id="4"
                type="checkbox"
                value="ana-carolina"
              />
              <label
                class="sc-jrAGrp dkvcnq"
                for="4"
              >
                <div
                  class="sc-pFZIQ bIGLcn"
                >
                  <svg
                    height="20px"
                    viewBox="0 0 24 24"
                    width="20px"
                    xmlns="http://www.w3.org/2000/svg"
                  >
                    <path
                      d="M0 0h24v24H0V0z"
                      fill="none"
                    />
                    <path
                      d="M19 5v14H5V5h14m0-2H5c-1.1 0-2 .9-2 2v14c0 1.1.9 2 2 2h14c1.1 0 2-.9 2-2V5c0-1.1-.9-2-2-2z"
                      fill="#B8B5C6"
                    />
                  </svg>
                </div>
                <p
                  class="sc-idOhPF hPFGPq"
                >
                  Opção 4
                </p>
              </label>
            </div>
          </div>
        </div>
      </div>
    </div>
  </body>,
  "container": <div>
    <div
      class="sc-bdfBwQ kzXhdH"
    >
      <div
        class="sc-gsTCUz fpuYvH"
      >
        <div
          class="sc-dlfnbm cxRrbB"
        >
          <div
            class="sc-hKgILt iPKFzq"
          >
            <p
              class="sc-bqyKva XcEKM"
            >
              Título
            </p>
          </div>
          <div
            class="sc-jSgupP cXdENn"
          >
            <p
              class="sc-kstrdz hEmAAc"
            >
              Este é um exemplo de descrição
            </p>
          </div>
          <div
            class="sc-jSgupP cXdENn"
          >
            <p
              class="sc-hBEYos jvBAUO"
            >
              Este é um erro
            </p>
          </div>
        </div>
        <div
          class="sc-eCssSg dTvEss"
        >
          <svg
            height="20px"
            viewBox="0 0 24 24"
            width="20px"
            xmlns="http://www.w3.org/2000/svg"
          >
            <path
              d="M0 0h24v24H0z"
              fill="none"
            />
            <path
              d="M12 2C6.48 2 2 6.48 2 12s4.48 10 10 10 10-4.48 10-10S17.52 2 12 2zm1 17h-2v-2h2v2zm2.07-7.75l-.9.92C13.45 12.9 13 13.5 13 15h-2v-.5c0-1.1.45-2.1 1.17-2.83l1.24-1.26c.37-.36.59-.86.59-1.41 0-1.1-.9-2-2-2s-2 .9-2 2H8c0-2.21 1.79-4 4-4s4 1.79 4 4c0 .88-.36 1.68-.93 2.25z"
              fill="#212529"
            />
          </svg>
        </div>
      </div>
      <div
        class="sc-gKsewC ehdtkM"
      >
        <div
          class="sc-gKsewC ehdtkM"
        >
          <div
            class="sc-iBPRYJ joNmFh"
          >
            <input
              class="sc-fubCfw ktfAJq"
              id="1"
              type="checkbox"
              value="leonardo"
            />
            <label
              class="sc-jrAGrp dkvcnq"
              for="1"
            >
              <div
                class="sc-pFZIQ bIGLcn"
              >
                <svg
                  height="20px"
                  viewBox="0 0 24 24"
                  width="20px"
                  xmlns="http://www.w3.org/2000/svg"
                >
                  <path
                    d="M0 0h24v24H0V0z"
                    fill="none"
                  />
                  <path
                    d="M19 5v14H5V5h14m0-2H5c-1.1 0-2 .9-2 2v14c0 1.1.9 2 2 2h14c1.1 0 2-.9 2-2V5c0-1.1-.9-2-2-2z"
                    fill="#B8B5C6"
                  />
                </svg>
              </div>
              <p
                class="sc-fodVxV irimQf"
              >
                Opção 1
              </p>
            </label>
          </div>
          <div
            class="sc-iBPRYJ joNmFh"
          >
            <input
              class="sc-fubCfw ktfAJq"
              id="2"
              type="checkbox"
              value="renata"
            />
            <label
              class="sc-jrAGrp dkvcnq"
              for="2"
            >
              <div
                class="sc-pFZIQ bIGLcn"
              >
                <svg
                  height="20px"
                  viewBox="0 0 24 24"
                  width="20px"
                  xmlns="http://www.w3.org/2000/svg"
                >
                  <path
                    d="M0 0h24v24H0V0z"
                    fill="none"
                  />
                  <path
                    d="M19 5v14H5V5h14m0-2H5c-1.1 0-2 .9-2 2v14c0 1.1.9 2 2 2h14c1.1 0 2-.9 2-2V5c0-1.1-.9-2-2-2z"
                    fill="#B8B5C6"
                  />
                </svg>
              </div>
              <p
                class="sc-fFubgz kfMqys"
              >
                Opção 2
              </p>
            </label>
          </div>
          <div
            class="sc-iBPRYJ joNmFh"
          >
            <input
              class="sc-fubCfw ktfAJq"
              id="3"
              type="checkbox"
              value="robson"
            />
            <label
              class="sc-jrAGrp dkvcnq"
              for="3"
            >
              <div
                class="sc-pFZIQ bIGLcn"
              >
                <svg
                  height="20px"
                  viewBox="0 0 24 24"
                  width="20px"
                  xmlns="http://www.w3.org/2000/svg"
                >
                  <path
                    d="M0 0h24v24H0V0z"
                    fill="none"
                  />
                  <path
                    d="M19 5v14H5V5h14m0-2H5c-1.1 0-2 .9-2 2v14c0 1.1.9 2 2 2h14c1.1 0 2-.9 2-2V5c0-1.1-.9-2-2-2z"
                    fill="#B8B5C6"
                  />
                </svg>
              </div>
              <p
                class="sc-bkzZxe mhzVq"
              >
                Opção 3
              </p>
            </label>
          </div>
          <div
            class="sc-iBPRYJ joNmFh"
          >
            <input
              class="sc-fubCfw ktfAJq"
              id="4"
              type="checkbox"
              value="ana-carolina"
            />
            <label
              class="sc-jrAGrp dkvcnq"
              for="4"
            >
              <div
                class="sc-pFZIQ bIGLcn"
              >
                <svg
                  height="20px"
                  viewBox="0 0 24 24"
                  width="20px"
                  xmlns="http://www.w3.org/2000/svg"
                >
                  <path
                    d="M0 0h24v24H0V0z"
                    fill="none"
                  />
                  <path
                    d="M19 5v14H5V5h14m0-2H5c-1.1 0-2 .9-2 2v14c0 1.1.9 2 2 2h14c1.1 0 2-.9 2-2V5c0-1.1-.9-2-2-2z"
                    fill="#B8B5C6"
                  />
                </svg>
              </div>
              <p
                class="sc-idOhPF hPFGPq"
              >
                Opção 4
              </p>
            </label>
          </div>
        </div>
      </div>
    </div>
  </div>,
  "debug": [Function],
  "findAllByAltText": [Function],
  "findAllByDisplayValue": [Function],
  "findAllByLabelText": [Function],
  "findAllByPlaceholderText": [Function],
  "findAllByRole": [Function],
  "findAllByTestId": [Function],
  "findAllByText": [Function],
  "findAllByTitle": [Function],
  "findByAltText": [Function],
  "findByDisplayValue": [Function],
  "findByLabelText": [Function],
  "findByPlaceholderText": [Function],
  "findByRole": [Function],
  "findByTestId": [Function],
  "findByText": [Function],
  "findByTitle": [Function],
  "getAllByAltText": [Function],
  "getAllByDisplayValue": [Function],
  "getAllByLabelText": [Function],
  "getAllByPlaceholderText": [Function],
  "getAllByRole": [Function],
  "getAllByTestId": [Function],
  "getAllByText": [Function],
  "getAllByTitle": [Function],
  "getByAltText": [Function],
  "getByDisplayValue": [Function],
  "getByLabelText": [Function],
  "getByPlaceholderText": [Function],
  "getByRole": [Function],
  "getByTestId": [Function],
  "getByText": [Function],
  "getByTitle": [Function],
  "queryAllByAltText": [Function],
  "queryAllByDisplayValue": [Function],
  "queryAllByLabelText": [Function],
  "queryAllByPlaceholderText": [Function],
  "queryAllByRole": [Function],
  "queryAllByTestId": [Function],
  "queryAllByText": [Function],
  "queryAllByTitle": [Function],
  "queryByAltText": [Function],
  "queryByDisplayValue": [Function],
  "queryByLabelText": [Function],
  "queryByPlaceholderText": [Function],
  "queryByRole": [Function],
  "queryByTestId": [Function],
  "queryByText": [Function],
  "queryByTitle": [Function],
  "rerender": [Function],
  "unmount": [Function],
}
`;
