// Jest Snapshot v1, https://goo.gl/fbAQLP

exports[`Test ApplicationCard component render 1`] = `
Object {
  "asFragment": [Function],
  "baseElement": <body>
    <div>
      <div
        class="sc-AxjAm hNxWTz"
        id="GenericCard-undefined"
      >
        <div
          class="sc-AxheI jlMPlu"
        >
          <div
            class="sc-AxmLO hfgRmI"
          >
            <div
              class="sc-fzozJi jxgYyc"
            >
              <div
                class="sc-fzpans dihwtL"
              >
                <div
                  class="sc-fzoLsD cVCQL"
                />
                <img
                  alt="Seletor de produtos para entrega (Shopper)"
                  class="sc-fzplWN eJVIAv"
                  src="https://russelservicos.com.br/wp-content/uploads/2016/01/balconista1.jpg"
                />
              </div>
            </div>
          </div>
          <div
            class="sc-fznyAO bchgVT"
          >
            <div
              class="sc-fznKkj dKlKX"
            >
              <p
                class="sc-fznWqX hglzre"
              >
                Seletor de produtos para entrega (Shopper)
              </p>
            </div>
            <div
              class="sc-fzpjYC fRbLgW"
            >
              <div
                class="sc-fznxsB dsgAhn"
              >
                <p
                  class="sc-fzoiQi dxHTqN"
                >
                  Clique aqui para completar e finalizar a sua candidatura
                </p>
              </div>
            </div>
          </div>
        </div>
      </div>
    </div>
  </body>,
  "container": <div>
    <div
      class="sc-AxjAm hNxWTz"
      id="GenericCard-undefined"
    >
      <div
        class="sc-AxheI jlMPlu"
      >
        <div
          class="sc-AxmLO hfgRmI"
        >
          <div
            class="sc-fzozJi jxgYyc"
          >
            <div
              class="sc-fzpans dihwtL"
            >
              <div
                class="sc-fzoLsD cVCQL"
              />
              <img
                alt="Seletor de produtos para entrega (Shopper)"
                class="sc-fzplWN eJVIAv"
                src="https://russelservicos.com.br/wp-content/uploads/2016/01/balconista1.jpg"
              />
            </div>
          </div>
        </div>
        <div
          class="sc-fznyAO bchgVT"
        >
          <div
            class="sc-fznKkj dKlKX"
          >
            <p
              class="sc-fznWqX hglzre"
            >
              Seletor de produtos para entrega (Shopper)
            </p>
          </div>
          <div
            class="sc-fzpjYC fRbLgW"
          >
            <div
              class="sc-fznxsB dsgAhn"
            >
              <p
                class="sc-fzoiQi dxHTqN"
              >
                Clique aqui para completar e finalizar a sua candidatura
              </p>
            </div>
          </div>
        </div>
      </div>
    </div>
  </div>,
  "debug": [Function],
  "findAllByAltText": [Function],
  "findAllByDisplayValue": [Function],
  "findAllByLabelText": [Function],
  "findAllByPlaceholderText": [Function],
  "findAllByRole": [Function],
  "findAllByTestId": [Function],
  "findAllByText": [Function],
  "findAllByTitle": [Function],
  "findByAltText": [Function],
  "findByDisplayValue": [Function],
  "findByLabelText": [Function],
  "findByPlaceholderText": [Function],
  "findByRole": [Function],
  "findByTestId": [Function],
  "findByText": [Function],
  "findByTitle": [Function],
  "getAllByAltText": [Function],
  "getAllByDisplayValue": [Function],
  "getAllByLabelText": [Function],
  "getAllByPlaceholderText": [Function],
  "getAllByRole": [Function],
  "getAllByTestId": [Function],
  "getAllByText": [Function],
  "getAllByTitle": [Function],
  "getByAltText": [Function],
  "getByDisplayValue": [Function],
  "getByLabelText": [Function],
  "getByPlaceholderText": [Function],
  "getByRole": [Function],
  "getByTestId": [Function],
  "getByText": [Function],
  "getByTitle": [Function],
  "queryAllByAltText": [Function],
  "queryAllByDisplayValue": [Function],
  "queryAllByLabelText": [Function],
  "queryAllByPlaceholderText": [Function],
  "queryAllByRole": [Function],
  "queryAllByTestId": [Function],
  "queryAllByText": [Function],
  "queryAllByTitle": [Function],
  "queryByAltText": [Function],
  "queryByDisplayValue": [Function],
  "queryByLabelText": [Function],
  "queryByPlaceholderText": [Function],
  "queryByRole": [Function],
  "queryByTestId": [Function],
  "queryByText": [Function],
  "queryByTitle": [Function],
  "rerender": [Function],
  "unmount": [Function],
}
`;
